=== d4scanner tts shim attached ===
ARCHON SPELLBLADE
Legendary Helm
780 Item Power
Masterwork: 4 / 12
+1,540 Maximum Life [1,300 - 1,600]
+12.0% Cooldown Reduction [8.0 - 13.5]%
+84 Intelligence [70 - 90]
+18.5% Total Armor [12.0 - 20.0]%
Durability: 100/100. Tempers: 2/2
Requires Level 60
Right mouse button
SORCERER'S GRASP
Legendary Gloves
790 Item Power
Masterwork: 8 / 12
+9.0% Critical Strike Chance [5.0 - 9.0]%
+15.0% Attack Speed [9.0 - 15.0]%
+3 Ranks to Ball Lightning [2 - 3]
+11.0% Lucky Hit Chance [7.0 - 12.0]%
Durability: 100/100. Tempers: 2/2
Requires Level 60
Right mouse button
TEMPEST STRIDERS
Legendary Boots
770 Item Power
Masterwork: 5 / 12
+16.0% Movement Speed [12.0 - 18.0]%
+80 Intelligence [70 - 90]
+2 Ranks to Teleport [1 - 2]
+9.5% Lucky Hit Chance [7.0 - 12.0]%
Durability: 100/100. Tempers: 2/2
Requires Level 60
Right mouse button
RAIMENT OF THE INFINITE
Unique Chest Armor
795 Item Power
Masterwork: 6 / 12
+1,600 Maximum Life [1,300 - 1,650]
+110 Intelligence [90 - 115]
When you use Teleport, Enemies are Pulled to you and Stunned for 3 seconds.
Requires Level 60. Account Bound. Unique Equipped
Right mouse button
TAL RASHA'S IRIDESCENT LOOP
Ancestral Mythic Unique Ring
800 Item Power
Masterwork: 12 / 12
+95 Intelligence [80 - 100]
+9.0% Critical Strike Chance [5.0 - 9.0]%
+38.0% Vulnerable Damage [27.0 - 41.5]%
For each unique element you damage enemies with, you deal 12% increased damage for 4 seconds.
Requires Level 60. Account Bound. Unique Equipped
Right mouse button
