=== d4scanner tts shim attached ===
STARLESS MIDNIGHT
Ancestral Legendary Helm
900 Item Power
25 ( +25) Quality
+3,000 Maximum Life [1,300 - 1,600]
+169 Intelligence [70 - 90]
+16.9% Cooldown Reduction [8.0 - 13.5]%
+8.8% Critical Strike Chance [5.0 - 9.0]%
Durability: 100/100. Tempers: 5/5
Requires Level 60
Right mouse button
GRASP OF THE FALLEN
Ancestral Legendary Gloves
900 Item Power
10 ( +10/25) Quality
x46% Vulnerable Damage Multiplier [16 - 28]%
+9.9% Critical Strike Chance [5.0 - 9.0]%
+3 Ranks to Core Skill [2 - 3]
Durability: 100/100. Tempers: 4/4
Requires Level 60
Right mouse button
WALL OF THE PENITENT
Ancestral Legendary Chest Armor
900 Item Power
+1,620 Maximum Life [1,300 - 1,650]
+2,400 Armor [1,963 - 2,450]
+27.0% Damage Reduction [20.0 - 28.0]%
Durability: 100/100. Tempers: 3/3
Requires Level 60
Right mouse button
RING OF THE NOVICE
Rare Ring
900 Item Power
+95 Dexterity [80 - 100]
+8.0% Critical Strike Chance [5.0 - 9.0]%
+6.0% Attack Speed [4.0 - 8.0]%
Durability: 50/100. Tempers: 0/1
Requires Level 60
Right mouse button
THE LIARS SMILE
Ancestral Legendary Amulet
900 Item Power
25 ( +25) Quality
+169 Intelligence [70 - 90]
x18% All Damage Multiplier [8 - 10]%
+16.9% Cooldown Reduction [8.0 - 13.5]%
Durability: 100/100. Tempers: 4/4
Requires Level 60
Right mouse button
SUNDERED OATH
Ancestral Legendary Boots
900 Item Power
34 ( +25) Quality
+181 Intelligence [70 - 90]
+24.1% Movement Speed [12.0 - 18.0]%
Durability: 100/100. Tempers: 4/4
Requires Level 60
Right mouse button
BAND OF THE SILENT
Ancestral Legendary Ring
900 Item Power
+121 Dexterity [100 - 121]
x18% All Damage Multiplier [12 - 18]%
x14% Vulnerable Damage Multiplier [9 - 14]%
+250 Resistance to All Elements
Durability: 100/100. Tempers: 5/5
Requires Level 60
Right mouse button
