=== d4scanner tts shim attached ===
3RD PARTY SCREEN READER
Enabled: Allows for third party applications to handle screen reading and disables the platform&apos;s built in screen reader.
GRAPHICS
SOUND
GAMEPLAY
ADVANCED TOOLTIP INFORMATION
Display advanced information on tooltips such as item property ranges, Lucky Hit chance on Skills, and indicators as to whether modifications are additive [+] or multiplicative [x].
ADVANCED TOOLTIP COMPARE
Enabled: When comparing item tooltips, properties gained, lost, and changes to equipped Skills will be displayed.
RESOLUTION
Higher resolution will result in increased clarity, but this greatly affects performance. Choose a resolution that matches the aspect ratio of your monitor.
Adapter
Dropdown Option 1 of 2
1. NVIDIA GeForce RTX 5090
Torment VII
VisitDifficulty Statuein major cities to change
Zuri | 70 (208) (VI)
MementoMori | 70 (220) (VII)
Temis. Waypoint
Left mouse button
Interact
SCOSGLEN
FRACTURED PEAKS
HAWEZAR
KEHJISTAN
WHISPERS OF THE DEAD
Grim Favors
3/10
30%
FACE THE INFERNAL HORDES
Right mouse button
Pin Location
Mousewheel scroll down
Zoom
