[2026-06-05T23:20:06Z]Ranged
[2026-06-05T23:20:06Z]EQUIPPED
[2026-06-05T23:20:06Z][FAVORITED ITEM]. FROSTBITTEN MAMMALBANE BOW
[2026-06-05T23:20:06Z]Ancestral Legendary Bow
[2026-06-05T23:20:06Z]900 Item Power
[2026-06-05T23:20:06Z] Armory Loadout
[2026-06-05T23:20:06Z]3,755 Damage Per Second
[2026-06-05T23:20:06Z][2,786 - 4,042] Damage per Hit
[2026-06-05T23:20:06Z]1.10 Attacks per Second (Fast)
[2026-06-05T23:20:06Z]+275 Weapon Damage [188 - 314]
[2026-06-05T23:20:06Z]+4,284 Maximum Life [3,662 - 4,400]
[2026-06-05T23:20:06Z]x20% Cold Damage Multiplier [14 - 20]%
[2026-06-05T23:20:06Z]13.3% Resource Cost Reduction [12.0 - 14.0]%
[2026-06-05T23:20:06Z]Enemies hit by your Stun Grenades have a chance equal to your Critical Strike Chance to be Frozen for 2 seconds. . You deal 150%[x] [100 - 150]% increased Critical Strike Damage against Frozen or Stunned enemies.
[2026-06-05T23:20:06Z]Requires Level 70. Account BoundRogue. Only. Vessel of Hatred Item 
[2026-06-05T23:20:06Z]Sell Value: 59,154 Gold
[2026-06-05T23:20:06Z]Durability: 50/100. Tempers: 3/3
[2026-06-05T23:20:06Z]Right mouse button
[2026-06-05T23:20:06Z]Unequip
[2026-06-05T23:20:06Z]Shift key
[2026-06-05T23:20:06Z]Left mouse button
[2026-06-05T23:20:06Z]Link
[2026-06-05T23:20:06Z]Spacebar
[2026-06-05T23:20:06Z]Unmark Item
[2026-06-05T23:20:06Z]Chilled enemies have reduced Movement Speed. Repeatedly Chilling an enemy will Freeze it.
[2026-06-05T23:20:06Z]Frozen enemies cannot move or attack. Enemies can be Frozen by repeatedly Chilling them.
[2026-06-05T23:20:06Z]Stun Grenades explode after a delay, dealing Physical damage and Stunning enemies for 1 second.
[2026-06-05T23:20:07Z]Feet
[2026-06-05T23:20:07Z]  Slot Transmog: ON
[2026-06-05T23:20:07Z]EQUIPPED
[2026-06-05T23:20:07Z][FAVORITED ITEM]. UNDYING ADVENTURER&apos;S BOOTS
[2026-06-05T23:20:07Z]Legendary Boots
[2026-06-05T23:20:07Z]850 Item Power
[2026-06-05T23:20:07Z] Armory Loadout
[2026-06-05T23:20:07Z]638 Armor
[2026-06-05T23:20:07Z]+1,112 Maximum Life [1,016 - 1,225]
[2026-06-05T23:20:07Z]+231 Life on Kill +[219 - 263]
[2026-06-05T23:20:07Z]+289 Resistance to All Elements [260 - 326]
[2026-06-05T23:20:07Z]+25% Movement Speed [15 - 25]%
[2026-06-05T23:20:07Z]Imprinted: Casting a Skill Heals you for 2.3% [2.0 - 3.0]% of your Maximum Life. Double this bonus while Injured.
[2026-06-05T23:20:07Z]Requires Level 70. Account Bound
[2026-06-05T23:20:07Z]Sell Value: 18,733 Gold
[2026-06-05T23:20:07Z]Durability: 50/100. Tempers: 3/3
[2026-06-05T23:20:07Z]Right mouse button
[2026-06-05T23:20:07Z]Unequip
[2026-06-05T23:20:07Z]Shift key
[2026-06-05T23:20:07Z]Left mouse button
[2026-06-05T23:20:07Z]Link
[2026-06-05T23:20:07Z]Spacebar
[2026-06-05T23:20:07Z]Unmark Item
[2026-06-05T23:20:07Z]Injured characters have less than 35% of their Life.
[2026-06-05T23:20:07Z]Legs
[2026-06-05T23:20:07Z]  Slot Transmog: ON
[2026-06-05T23:20:07Z]EQUIPPED
[2026-06-05T23:20:07Z][FAVORITED ITEM]. SHROUDED GIFT
[2026-06-05T23:20:07Z]Unique Pants
[2026-06-05T23:20:07Z]850 Item Power
[2026-06-05T23:20:07Z]25 ( +25) Quality
[2026-06-05T23:20:07Z] Armory Loadout
[2026-06-05T23:20:07Z]1,992 Armor
[2026-06-05T23:20:07Z]+109 Dexterity +[83 - 99]
[2026-06-05T23:20:07Z]+1,813 Maximum Life [1,016 - 1,225]
[2026-06-05T23:20:07Z]+16.9% Barrier Generation [10.0 - 15.0]%
[2026-06-05T23:20:07Z]+631 Lightning Resistance [416 - 523]
[2026-06-05T23:20:07Z]+3 Maximum Resolve Stacks [3 - 4]
[2026-06-05T23:20:07Z]Whenever you gain Stealth, you also gain Concealment. Gain 27% [25 - 30]% increased Damage Reduction while Stealthed and for 8 seconds after breaking it.
[2026-06-05T23:20:07Z]NeoVex (200/100) - Graceful Heart of the Oak
[2026-06-05T23:20:07Z]Avoid health damage while fighting for 2 seconds. (1 time). Gain +1 to all Skills for 10 seconds. . (Overflow: More Skill ranks, up to 3.)
[2026-06-05T23:20:07Z]&quot;Deep in the Labyrinth, I found true darkness. The Hidden became my shadow, their attacks sudden and relentless. But I studied them, and found I too can enter the ether.&quot; -Moreina&apos;s Journals
[2026-06-05T23:20:07Z]Requires Level 70. Account BoundRogue. Only. Unique Equipped. Vessel of Hatred Item 
[2026-06-05T23:20:07Z]Sell Value: 126,370 Gold
[2026-06-05T23:20:07Z]Durability: 50/100. Tempers: 0/1
[2026-06-05T23:20:07Z]Mousewheel scroll down
[2026-06-05T23:20:07Z]Scroll Down
[2026-06-05T23:20:07Z]Right mouse button
[2026-06-05T23:20:07Z]Unequip
[2026-06-05T23:20:07Z]Shift key
[2026-06-05T23:20:07Z]Left mouse button
[2026-06-05T23:20:07Z]Link
[2026-06-05T23:20:07Z]Spacebar
[2026-06-05T23:20:07Z]Unmark Item
[2026-06-05T23:20:07Z]Stealthed characters cannot be directly targeted by enemies. Using an attack or taking damage will instantly remove Stealth.
[2026-06-05T23:20:08Z]Hands
[2026-06-05T23:20:08Z]  Slot Transmog: ON
[2026-06-05T23:20:08Z]EQUIPPED
[2026-06-05T23:20:08Z][FAVORITED ITEM]. ACCELERATING SOVEREIGN VAMBRACES
[2026-06-05T23:20:08Z]Ancestral Legendary Gloves
[2026-06-05T23:20:08Z]900 Item Power
[2026-06-05T23:20:08Z] Armory Loadout
[2026-06-05T23:20:08Z]801 Armor
[2026-06-05T23:20:08Z]+2,034 Maximum Life [1,831 - 2,200]
[2026-06-05T23:20:08Z]+6.5% Critical Strike Chance [6.5 - 8.5]%
[2026-06-05T23:20:08Z]x19% Physical Damage Multiplier [14 - 24]%
[2026-06-05T23:20:08Z]6.5% Resource Cost Reduction [6.0 - 7.0]%
[2026-06-05T23:20:08Z]+29% Damage [15 - 30]%
[2026-06-05T23:20:08Z]Imprinted: Critical Strikes with Core Skills increase your Attack Speed by 39.0%[+] [30.0 - 50.0]% for 5 seconds.
[2026-06-05T23:20:08Z]Requires Level 70. Account Bound
[2026-06-05T23:20:08Z]Sell Value: 23,662 Gold
[2026-06-05T23:20:08Z]Durability: 50/100. Tempers: 2/3
[2026-06-05T23:20:08Z]Right mouse button
[2026-06-05T23:20:08Z]Unequip
[2026-06-05T23:20:08Z]Shift key
[2026-06-05T23:20:08Z]Left mouse button
[2026-06-05T23:20:08Z]Link
[2026-06-05T23:20:08Z]Spacebar
[2026-06-05T23:20:08Z]Unmark Item
[2026-06-05T23:20:08Z]Torso
[2026-06-05T23:20:08Z]  Slot Transmog: ON
[2026-06-05T23:20:08Z]EQUIPPED
[2026-06-05T23:20:08Z][FAVORITED ITEM]. BONEWEAVE ARMOR OF MENDING OBSCURITY
[2026-06-05T23:20:08Z]Ancestral Legendary Chest Armor
[2026-06-05T23:20:08Z]900 Item Power
[2026-06-05T23:20:08Z] Armory Loadout
[2026-06-05T23:20:08Z]2,805 Armor
[2026-06-05T23:20:08Z]+300 Life on Kill +[263 - 300]
[2026-06-05T23:20:08Z]+2,048 Armor [1,963 - 2,450]
[2026-06-05T23:20:08Z]+616 Poison Resistance [524 - 630]
[2026-06-05T23:20:08Z]+3 Maximum Resolve Stacks [2 - 3]
[2026-06-05T23:20:08Z]Imprinted: When entering Stealth and every second while Stealthed, you Heal for 12.8% [10.5 - 15.0]% of your Maximum Life. Breaking Stealth Fortifies you for 8.5% [7.0 - 10.0]% of your Maximum Life.
[2026-06-05T23:20:08Z]BacQue (50/300) - Selachian Fortress
[2026-06-05T23:20:08Z]Travel 30 meters. . Invoke the Druid&apos;s Earthen Bulwark Skill for 3 seconds, granting yourself a Barrier. . (Overflow: Increased Duration)
[2026-06-05T23:20:08Z]Requires Level 70. Account Bound. Vessel of Hatred Item 
[2026-06-05T23:20:08Z]Sell Value: 57,492 Gold
[2026-06-05T23:20:08Z]Durability: 50/100. Tempers: 3/3
[2026-06-05T23:20:08Z]Mousewheel scroll down
[2026-06-05T23:20:08Z]Scroll Down
[2026-06-05T23:20:08Z]Right mouse button
[2026-06-05T23:20:08Z]Unequip
[2026-06-05T23:20:08Z]Shift key
[2026-06-05T23:20:08Z]Left mouse button
[2026-06-05T23:20:08Z]Link
[2026-06-05T23:20:08Z]Spacebar
[2026-06-05T23:20:08Z]Unmark Item
[2026-06-05T23:20:08Z]Stealthed characters cannot be directly targeted by enemies. Using an attack or taking damage will instantly remove Stealth.
[2026-06-05T23:20:08Z]Fortify is an additional reservoir of Life that is drained to heal you over time.
[2026-06-05T23:20:09Z]Head
[2026-06-05T23:20:09Z]  Slot Transmog: ON
[2026-06-05T23:20:09Z]EQUIPPED
[2026-06-05T23:20:09Z][FAVORITED ITEM]. COWL OF THE NAMELESS
[2026-06-05T23:20:09Z]Unique Helm
[2026-06-05T23:20:09Z]850 Item Power
[2026-06-05T23:20:09Z] Armory Loadout
[2026-06-05T23:20:09Z]1,275 Armor
[2026-06-05T23:20:09Z]+88 Dexterity +[83 - 99]
[2026-06-05T23:20:09Z]+1,148 Maximum Life [1,016 - 1,225]
[2026-06-05T23:20:09Z]+925 Armor [780 - 980]
[2026-06-05T23:20:09Z]+11.5% Fortify Generation [10.0 - 15.0]%
[2026-06-05T23:20:09Z]+1,376 Maximum Life [1,000 - 1,500]
[2026-06-05T23:20:09Z]Lucky Hit: Imbued Skills have up to a 40% chance to trigger a large explosion, dealing 75% of the damage dealt and applying the Imbuement effect to each enemy it hits with 126%[x] [120 - 150]% Potency.
[2026-06-05T23:20:09Z]&quot;He is banished from the Guild, his name stricken from the Book. His punishment is to never have been.&quot; . - Excerpt from a burned parchment
[2026-06-05T23:20:09Z]Requires Level 70. Account BoundRogue. Only. Unique Equipped
[2026-06-05T23:20:09Z]Sell Value: 85,637 Gold
[2026-06-05T23:20:09Z]Durability: 50/100. Tempers: 1/1
[2026-06-05T23:20:09Z]Mousewheel scroll down
[2026-06-05T23:20:09Z]Scroll Down
[2026-06-05T23:20:09Z]Right mouse button
[2026-06-05T23:20:09Z]Unequip
[2026-06-05T23:20:09Z]Shift key
[2026-06-05T23:20:09Z]Left mouse button
[2026-06-05T23:20:09Z]Link
[2026-06-05T23:20:09Z]Spacebar
[2026-06-05T23:20:09Z]Unmark Item
[2026-06-05T23:20:10Z]Neck
[2026-06-05T23:20:10Z]EQUIPPED
[2026-06-05T23:20:10Z][FAVORITED ITEM]. WILDBOLT LION&apos;S EYE
[2026-06-05T23:20:10Z]Legendary Amulet
[2026-06-05T23:20:10Z]850 Item Power
[2026-06-05T23:20:10Z] Armory Loadout
[2026-06-05T23:20:10Z]157 All Resist 
[2026-06-05T23:20:10Z]+141 Dexterity +[125 - 149]
[2026-06-05T23:20:10Z]+1,789 Maximum Life [1,526 - 1,830]
[2026-06-05T23:20:10Z]+6.0% Lucky Hit Chance [6.0 - 8.0]%
[2026-06-05T23:20:10Z]+429 Cold Resistance [416 - 523]
[2026-06-05T23:20:10Z]+3 Maximum Resolve Stacks [2 - 3]
[2026-06-05T23:20:10Z]Every 2.3 [2.3 - 1.3] seconds, Distant enemies are Pulled In to you and take 15%[x] increased damage from you for 3 seconds. This effect cannot occur while you are in Stealth.
[2026-06-05T23:20:10Z]Requires Level 70. Account Bound
[2026-06-05T23:20:10Z]Sell Value: 37,466 Gold
[2026-06-05T23:20:10Z]Tempers: 3/3
[2026-06-05T23:20:10Z]Right mouse button
[2026-06-05T23:20:10Z]Unequip
[2026-06-05T23:20:10Z]Shift key
[2026-06-05T23:20:10Z]Left mouse button
[2026-06-05T23:20:10Z]Link
[2026-06-05T23:20:10Z]Spacebar
[2026-06-05T23:20:10Z]Unmark Item
[2026-06-05T23:20:10Z]Stealthed characters cannot be directly targeted by enemies. Using an attack or taking damage will instantly remove Stealth.
[2026-06-05T23:20:11Z]Ring
[2026-06-05T23:20:11Z]EQUIPPED
[2026-06-05T23:20:11Z][FAVORITED ITEM]. X&apos;FAL&apos;S CORRODED SIGNET
[2026-06-05T23:20:11Z]Unique Ring
[2026-06-05T23:20:11Z]850 Item Power
[2026-06-05T23:20:11Z] Armory Loadout
[2026-06-05T23:20:11Z]118 All Resist 
[2026-06-05T23:20:11Z]+92 Dexterity +[83 - 99]
[2026-06-05T23:20:11Z]+854 Armor [780 - 980]
[2026-06-05T23:20:11Z]x7% Cold Damage Multiplier [7 - 10]%
[2026-06-05T23:20:11Z]+420 Physical Resistance [416 - 523]
[2026-06-05T23:20:11Z]+20% Damage [15 - 30]%
[2026-06-05T23:20:11Z]Each Damage over Time type you apply explodes every second, dealing 12,055 [11,481 - 13,395] damage over 4 seconds to surrounding enemies.
[2026-06-05T23:20:11Z]Skulking in the shadows of the Realm of Destruction, the Scarred Baron plots the downfall of the mortal who banished him there.
[2026-06-05T23:20:11Z]Requires Level 70. Account Bound. Unique Equipped
[2026-06-05T23:20:11Z]Sell Value: 115,075 Gold
[2026-06-05T23:20:11Z]Tempers: 0/1
[2026-06-05T23:20:11Z]Right mouse button
[2026-06-05T23:20:11Z]Unequip
[2026-06-05T23:20:11Z]Shift key
[2026-06-05T23:20:11Z]Left mouse button
[2026-06-05T23:20:11Z]Link
[2026-06-05T23:20:11Z]Spacebar
[2026-06-05T23:20:11Z]Unmark Item
[2026-06-05T23:20:11Z]Ring
[2026-06-05T23:20:11Z]EQUIPPED
[2026-06-05T23:20:11Z][FAVORITED ITEM]. PITFIGHTER&apos;S GULL
[2026-06-05T23:20:11Z]Unique Ring
[2026-06-05T23:20:11Z]850 Item Power
[2026-06-05T23:20:11Z] Armory Loadout
[2026-06-05T23:20:11Z]118 All Resist 
[2026-06-05T23:20:11Z]+84 Dexterity +[83 - 99]
[2026-06-05T23:20:11Z]+1,122 Maximum Life [1,016 - 1,225]
[2026-06-05T23:20:11Z]+261 Life on Kill +[219 - 263]
[2026-06-05T23:20:11Z]x8% Shadow Damage Multiplier [7 - 10]%
[2026-06-05T23:20:11Z]+28% Damage [15 - 30]%
[2026-06-05T23:20:11Z]Smoke Grenade bounces and detonates a second time. Smoke Grenade&apos;s damage is increased by 8.0%[x] [7.5 - 10.0]% and Duration is increased by 8.0%[x] [7.5 - 10.0]%.
[2026-06-05T23:20:11Z]&quot;Ploughin&apos; told you already! Hidden weapons are out – Yes, especially grenades! Behave yourself, or Morrick will skin you lot.&quot;- Purveyor of the Gea Kul fighting pits, on the eve of Morrick&apos;s murder
[2026-06-05T23:20:11Z]Requires Level 70. Account BoundRogue. Only. Unique Equipped
[2026-06-05T23:20:11Z]Sell Value: 117,751 Gold
[2026-06-05T23:20:11Z]Tempers: 1/1
[2026-06-05T23:20:11Z]Mousewheel scroll down
[2026-06-05T23:20:11Z]Scroll Down
[2026-06-05T23:20:11Z]Right mouse button
[2026-06-05T23:20:11Z]Unequip
[2026-06-05T23:20:11Z]Shift key
[2026-06-05T23:20:11Z]Left mouse button
[2026-06-05T23:20:11Z]Link
[2026-06-05T23:20:11Z]Spacebar
[2026-06-05T23:20:11Z]Unmark Item
[2026-06-05T23:20:12Z]Off-Hand
[2026-06-05T23:20:12Z]EQUIPPED
[2026-06-05T23:20:12Z][FAVORITED ITEM]. DUELIST&apos;S OBSIDIAN BLADE
[2026-06-05T23:20:12Z]Ancestral Legendary Sword
[2026-06-05T23:20:12Z]900 Item Power
[2026-06-05T23:20:12Z]2 ( +2/25) Quality
[2026-06-05T23:20:12Z] Armory Loadout
[2026-06-05T23:20:12Z]1,923 Damage Per Second
[2026-06-05T23:20:12Z][1,435 - 2,063] Damage per Hit
[2026-06-05T23:20:12Z]1.10 Attacks per Second (Fast)
[2026-06-05T23:20:12Z]+154 Weapon Damage [94 - 157]
[2026-06-05T23:20:12Z]+156 Dexterity +[150 - 180]
[2026-06-05T23:20:12Z]+2,170 Maximum Life [1,831 - 2,200]
[2026-06-05T23:20:12Z]x26% Critical Strike Damage Multiplier [13 - 25]%
[2026-06-05T23:20:12Z]+30% Damage [15 - 30]%
[2026-06-05T23:20:12Z]Imprinted: While using a One-Handed weapon, your Attack Speed is increased by 32%[+] [30 - 50]%.
[2026-06-05T23:20:12Z]Requires Level 70. Account Bound
[2026-06-05T23:20:12Z]Sell Value: 35,492 Gold
[2026-06-05T23:20:12Z]Durability: 50/100. Tempers: 3/3
[2026-06-05T23:20:12Z]Right mouse button
[2026-06-05T23:20:12Z]Unequip
[2026-06-05T23:20:12Z]Shift key
[2026-06-05T23:20:12Z]Left mouse button
[2026-06-05T23:20:12Z]Link
[2026-06-05T23:20:12Z]Spacebar
[2026-06-05T23:20:12Z]Unmark Item
[2026-06-05T23:20:13Z]Main Hand
[2026-06-05T23:20:13Z]EQUIPPED
[2026-06-05T23:20:13Z][FAVORITED ITEM]. ETNA&apos;S LOST DAGGER
[2026-06-05T23:20:13Z]Unique Dagger
[2026-06-05T23:20:13Z]850 Item Power
[2026-06-05T23:20:13Z]25 ( +25) Quality
[2026-06-05T23:20:13Z] Armory Loadout
[2026-06-05T23:20:13Z]1,834 Damage Per Second
[2026-06-05T23:20:13Z][1,294 - 1,764] Damage per Hit
[2026-06-05T23:20:13Z]1.20 Attacks per Second (Very Fast)
[2026-06-05T23:20:13Z]+122 Weapon Damage [70 - 117]
[2026-06-05T23:20:13Z]+176 Dexterity +[125 - 149]
[2026-06-05T23:20:13Z]+2,058 Maximum Life [1,526 - 1,830]
[2026-06-05T23:20:13Z]+558 Life On Hit [438 - 526]
[2026-06-05T23:20:13Z]11.6% Imbuement Potency [7.0 - 10.0]%
[2026-06-05T23:20:13Z]Dealing 2 different types of Non-Physical damage increases the Potency of your Imbuement Skills by 54%[x] [45 - 60]% and Non-Physical damage by 54%[x] [45 - 60]% for 8 seconds. . Basic Skills are now Imbueable.
[2026-06-05T23:20:13Z]&quot;Prepare thoroughly before approaching any warlock. Fill your elixirs, replenish your arrows. Oil and sheath your blades before you depart.&quot; -Arts of the Viz-Jaq&apos;taar
[2026-06-05T23:20:13Z]Requires Level 70. Account BoundRogue. Only. Unique Equipped
[2026-06-05T23:20:13Z]Sell Value: 117,751 Gold
[2026-06-05T23:20:13Z]Durability: 50/100. Tempers: 0/1
[2026-06-05T23:20:13Z]Mousewheel scroll down
[2026-06-05T23:20:13Z]Scroll Down
[2026-06-05T23:20:13Z]Right mouse button
[2026-06-05T23:20:13Z]Unequip
[2026-06-05T23:20:13Z]Shift key
[2026-06-05T23:20:13Z]Left mouse button
[2026-06-05T23:20:13Z]Link
[2026-06-05T23:20:13Z]Spacebar
[2026-06-05T23:20:13Z]Unmark Item
[2026-06-05T23:20:14Z]Off-Hand
[2026-06-05T23:20:14Z]EQUIPPED
[2026-06-05T23:20:14Z][FAVORITED ITEM]. DUELIST&apos;S OBSIDIAN BLADE
[2026-06-05T23:20:14Z]Ancestral Legendary Sword
[2026-06-05T23:20:14Z]900 Item Power
[2026-06-05T23:20:14Z]2 ( +2/25) Quality
[2026-06-05T23:20:14Z] Armory Loadout
[2026-06-05T23:20:14Z]1,923 Damage Per Second
[2026-06-05T23:20:14Z][1,435 - 2,063] Damage per Hit
[2026-06-05T23:20:14Z]1.10 Attacks per Second (Fast)
[2026-06-05T23:20:14Z]+154 Weapon Damage [94 - 157]
[2026-06-05T23:20:14Z]+156 Dexterity +[150 - 180]
[2026-06-05T23:20:14Z]+2,170 Maximum Life [1,831 - 2,200]
[2026-06-05T23:20:14Z]x26% Critical Strike Damage Multiplier [13 - 25]%
[2026-06-05T23:20:14Z]+30% Damage [15 - 30]%
[2026-06-05T23:20:14Z]Imprinted: While using a One-Handed weapon, your Attack Speed is increased by 32%[+] [30 - 50]%.
[2026-06-05T23:20:14Z]Requires Level 70. Account Bound
[2026-06-05T23:20:14Z]Sell Value: 35,492 Gold
[2026-06-05T23:20:14Z]Durability: 50/100. Tempers: 3/3
[2026-06-05T23:20:14Z]Right mouse button
[2026-06-05T23:20:14Z]Unequip
[2026-06-05T23:20:14Z]Shift key
[2026-06-05T23:20:14Z]Left mouse button
[2026-06-05T23:20:14Z]Link
[2026-06-05T23:20:14Z]Spacebar
[2026-06-05T23:20:14Z]Unmark Item
